MAP
NAME GMAP_DEMO
STATUS ON
SIZE 600 300
EXTENT -180 -90 180 90
UNITS DD
SHAPEPATH "./"
IMAGECOLOR 255 255 255
WEB
METADATA
"foo" "bar"
END
END
PROJECTION
  "init=epsg:4326"
END
LAYER
  NAME "grid"
  METADATA
    "DESCRIPTION" "Grid"
  END
  TYPE LINE
  STATUS ON
  CLASS
    NAME "Graticule"
    COLOR 0 0 0
    LABEL
      COLOR  255 0 0
      TYPE BITMAP
      SIZE TINY
      POSITION AUTO
      PARTIALS FALSE
      BUFFER 2
      OUTLINECOLOR 255 255 255
    END
  END
  PROJECTION
    "init=epsg:4326"
  END
  GRID
    LABELFORMAT "DD"
  END
END # Layer
LAYER
  NAME "grid2"
  METADATA
    "DESCRIPTION" "Grid"
  END
  TYPE LINE
  STATUS ON
  CLASS
    NAME "Graticule"
    COLOR 0 0 0
    LABEL
      COLOR  255 0 0
      TYPE BITMAP
      SIZE TINY
      POSITION AUTO
      PARTIALS FALSE
      BUFFER 2
      OUTLINECOLOR 255 255 255
    END
  END
  PROJECTION
    "init=epsg:4326"
  END
  GRID
    LABELFORMAT "DD"
  END
END # Layer
LAYER
  PROJECTION
    "init=epsg:4326"
  END
  NAME prov_bound
  TYPE POLYGON
  STATUS ON
  DATA wgs_province
  CLASS
    LABEL
      MINDISTANCE 100
      TEXT "[NAME][NAME_E]"
      PRIORITY 1
      WRAP "*"
      SIZE TINY
    END
    NAME "Province"
    STYLE
      OUTLINECOLOR 120 120 120
    END
  END
END
END
